// Jest Snapshot v1, https://goo.gl/fbAQLP

exports[`should render ExpenseListItem 1`] = `
<div>
  <Link
    to="/edit/1"
  >
    <h3>
      description for rent
    </h3>
  </Link>
  <p>
    0.10
     Euros -
    January 1st, 1970
  </p>
</div>
`;
