// Jest Snapshot v1, https://goo.gl/fbAQLP

exports[`should render Header component 1`] = `
<div>
  <header>
    <h1>
      Expensify
    </h1>
    <br />
    <NavLink
      activeClassName="is-active"
      exact={true}
      to="/"
    >
      Dashboard
    </NavLink>
    <br />
    <NavLink
      activeClassName="is-active"
      to="/create"
    >
      Create Expense
    </NavLink>
    <br />
  </header>
</div>
`;
