// Jest Snapshot v1, https://goo.gl/fbAQLP

exports[`should render NotFoundPage 1`] = `
<div>
  <div>
    Page Not Found
  </div>
  <Link
    to="/"
  >
    Go Home
  </Link>
</div>
`;
